// Jest Snapshot v1, https://goo.gl/fbAQLP

exports[`Belt logo belt should match snapshot 1`] = `"<svg xmlns=\\"http://www.w3.org/2000/svg\\" viewBox=\\"0 0 148 200\\"><g><g><path d=\\"M148,100A74,74,0,0,0,48,30.73V0H0V200H48V169.27A73.55,73.55,0,0,0,74,174a26,26,0,0,1,26,26h48a73.72,73.72,0,0,0-19.5-50A73.72,73.72,0,0,0,148,100ZM48,100a26,26,0,1,1,26,26A26,26,0,0,1,48,100Z\\"/><path d=\\"M0,100v74.88A105.46,105.46,0,0,0,40.9,200H48V169.27h0A74.1,74.1,0,0,1,0,100Z\\"/></g></g></svg>"`;
