// Jest Snapshot v1, https://goo.gl/fbAQLP

exports[`Card Card generates DOM element and matches 1`] = `
<div
  brand="twitter"
  class="card"
>
  <div
    class="card__wrap"
  >
    <i
      class="card__wrap fab fa-twitter"
    />
  </div>
</div>
`;
